// Jest Snapshot v1, https://goo.gl/fbAQLP

exports[`-> Header tests should toMatchSnapshot 1`] = `
<DocumentFragment>
  <header>
    <h1
      class="fancy-h1"
      data-testid="h1tag"
    >
      Hello!
    </h1>
  </header>
</DocumentFragment>
`;
